[2026-03-04 12:51:44] [INFO] Starting product fetch from 3 companies
[2026-03-04 12:51:44] [INFO] Active companies: SHREYAA ENTERPRISES, Surya Air System, BHARATH OXYGEN LICENSEE
[2026-03-04 12:51:44] [INFO] Product type map: {'CYL': 'CYLINDER', 'PLT': 'PALLET', 'TNK': 'TANK', 'CON': 'CONTAINER'}
[2026-03-04 12:51:44] [INFO] 
============================================================
[2026-03-04 12:51:44] [INFO] Processing: SHREYAA ENTERPRISES (COMPANY_1)
[2026-03-04 12:51:44] [INFO] ============================================================
[2026-03-04 12:51:45] [INFO] Fetched 38 stock items from Tally
[2026-03-04 12:51:45] [INFO] [PARSED] 'INDUSTRIAL OXYGEN 4 CUM (CYL)' -> product=INDUSTRIAL OXYGEN, variant=4 CUM, unit=CUM, type=CYL(CYLINDER), HSN=, GST=0.0%
[2026-03-04 12:51:45] [WARNING] [DUPLICATE SKIPPED] 'INDUSTRIAL OXYGEN 4 CUM (CYL)' (owned by SHREYAA ENTERPRISES, attempted by SHREYAA ENTERPRISES)
[2026-03-04 12:51:50] [ERROR] [ERROR] Failed to process company 'SHREYAA ENTERPRISES': database is locked
Traceback (most recent call last):
  File "C:\Github\catalytics-india-middleware\arasan_gas\fetch_products.py", line 188, in fetch_products_from_all_companies
    db.log_duplicate(
  File "C:\Github\catalytics-india-middleware\arasan_gas\db.py", line 635, in log_duplicate
    self.execute("""
  File "C:\Github\catalytics-india-middleware\arasan_gas\db.py", line 209, in execute
    cursor.execute(query, params)
sqlite3.OperationalError: database is locked
[2026-03-04 12:51:50] [INFO] 
============================================================
[2026-03-04 12:51:50] [INFO] Processing: Surya Air System (COMPANY_2)
[2026-03-04 12:51:50] [INFO] ============================================================
[2026-03-04 12:51:50] [INFO] Fetched 6 stock items from Tally
[2026-03-04 12:51:50] [INFO] [PARSED] 'ARGON 7CUM (CYL)' -> product=ARGON, variant=7 CUM, unit=CUM, type=CYL(CYLINDER), HSN=, GST=0.0%
[2026-03-04 12:51:50] [WARNING] [DUPLICATE SKIPPED] 'ARGON 7CUM (CYL)' (owned by Surya Air System, attempted by Surya Air System)
[2026-03-04 12:51:50] [ERROR] [ERROR] Failed to process company 'Surya Air System': database is locked
Traceback (most recent call last):
  File "C:\Github\catalytics-india-middleware\arasan_gas\fetch_products.py", line 188, in fetch_products_from_all_companies
    db.log_duplicate(
  File "C:\Github\catalytics-india-middleware\arasan_gas\db.py", line 635, in log_duplicate
    self.execute("""
  File "C:\Github\catalytics-india-middleware\arasan_gas\db.py", line 209, in execute
    cursor.execute(query, params)
sqlite3.OperationalError: database is locked
[2026-03-04 12:51:50] [INFO] 
============================================================
[2026-03-04 12:51:50] [INFO] Processing: BHARATH OXYGEN LICENSEE (COMPANY_3)
[2026-03-04 12:51:50] [INFO] ============================================================
[2026-03-04 12:51:50] [INFO] Fetched 12 stock items from Tally
[2026-03-04 12:51:50] [INFO] [PARSED] 'ARGON 7CUM (CYL)' -> product=ARGON, variant=7 CUM, unit=CUM, type=CYL(CYLINDER), HSN=, GST=0.0%
[2026-03-04 12:51:50] [WARNING] [DUPLICATE SKIPPED] 'ARGON 7CUM (CYL)' (owned by Surya Air System, attempted by BHARATH OXYGEN LICENSEE)
[2026-03-04 12:51:50] [ERROR] [ERROR] Failed to process company 'BHARATH OXYGEN LICENSEE': database is locked
Traceback (most recent call last):
  File "C:\Github\catalytics-india-middleware\arasan_gas\fetch_products.py", line 188, in fetch_products_from_all_companies
    db.log_duplicate(
  File "C:\Github\catalytics-india-middleware\arasan_gas\db.py", line 635, in log_duplicate
    self.execute("""
  File "C:\Github\catalytics-india-middleware\arasan_gas\db.py", line 209, in execute
    cursor.execute(query, params)
sqlite3.OperationalError: database is locked
[2026-03-04 12:51:50] [INFO] 
============================================================
[2026-03-04 12:51:50] [INFO] PRODUCT FETCH SUMMARY
[2026-03-04 12:51:50] [INFO] ============================================================
[2026-03-04 12:51:50] [INFO] Total Stock Items from Tally: 56
[2026-03-04 12:51:50] [INFO] Matched (with type code):     3
[2026-03-04 12:51:50] [INFO] Skipped (no type code):        11
[2026-03-04 12:51:50] [INFO] New Products Saved:            0
[2026-03-04 12:51:50] [INFO] Duplicates Skipped:            0
[2026-03-04 12:51:50] [INFO] Errors:                        3
[2026-03-04 12:51:50] [INFO] ============================================================
[2026-03-04 12:51:50] [INFO] 
Database Statistics:
[2026-03-04 12:51:50] [INFO] Total Products: 9
[2026-03-04 12:51:50] [INFO] Products by Company: {'SHREYAA ENTERPRISES': 6, 'Surya Air System': 3}
[2026-03-04 12:51:50] [INFO] Synced Products: 8
[2026-03-04 12:52:21] [INFO] Starting product fetch from 3 companies
[2026-03-04 12:52:21] [INFO] Active companies: SHREYAA ENTERPRISES, Surya Air System, BHARATH OXYGEN LICENSEE
[2026-03-04 12:52:21] [INFO] Product type map: {'CYL': 'CYLINDER', 'PLT': 'PALLET', 'TNK': 'TANK', 'CON': 'CONTAINER'}
[2026-03-04 12:52:21] [INFO] 
============================================================
[2026-03-04 12:52:21] [INFO] Processing: SHREYAA ENTERPRISES (COMPANY_1)
[2026-03-04 12:52:21] [INFO] ============================================================
[2026-03-04 12:52:21] [INFO] Fetched 38 stock items from Tally
[2026-03-04 12:52:21] [INFO] [PARSED] 'INDUSTRIAL OXYGEN 4 CUM (CYL)' -> product=INDUSTRIAL OXYGEN, variant=4 CUM, unit=CUM, type=CYL(CYLINDER), HSN=, GST=0.0%
[2026-03-04 12:52:21] [WARNING] [DUPLICATE SKIPPED] 'INDUSTRIAL OXYGEN 4 CUM (CYL)' (owned by SHREYAA ENTERPRISES, attempted by SHREYAA ENTERPRISES)
[2026-03-04 12:52:21] [INFO] [PARSED] 'INDUSTRIAL OXYGEN 5 CUM (CYL)' -> product=INDUSTRIAL OXYGEN, variant=5 CUM, unit=CUM, type=CYL(CYLINDER), HSN=, GST=0.0%
[2026-03-04 12:52:21] [WARNING] [DUPLICATE SKIPPED] 'INDUSTRIAL OXYGEN 5 CUM (CYL)' (owned by SHREYAA ENTERPRISES, attempted by SHREYAA ENTERPRISES)
[2026-03-04 12:52:21] [INFO] [PARSED] 'INDUSTRIAL OXYGEN 6 CUM  (CYL)' -> product=INDUSTRIAL OXYGEN, variant=6 CUM, unit=CUM, type=CYL(CYLINDER), HSN=, GST=0.0%
[2026-03-04 12:52:21] [WARNING] [DUPLICATE SKIPPED] 'INDUSTRIAL OXYGEN 6 CUM  (CYL)' (owned by SHREYAA ENTERPRISES, attempted by SHREYAA ENTERPRISES)
[2026-03-04 12:52:21] [INFO] [PARSED] 'LIQUID NITROGEN 210 LTR  (CON)' -> product=LIQUID NITROGEN, variant=210 LTR, unit=LTR, type=CON(CONTAINER), HSN=, GST=0.0%
[2026-03-04 12:52:21] [WARNING] [DUPLICATE SKIPPED] 'LIQUID NITROGEN 210 LTR  (CON)' (owned by SHREYAA ENTERPRISES, attempted by SHREYAA ENTERPRISES)
[2026-03-04 12:52:21] [INFO] [PARSED] 'LIQUID NITROGEN  250 LTR  (CON)' -> product=LIQUID NITROGEN, variant=250 LTR, unit=LTR, type=CON(CONTAINER), HSN=, GST=0.0%
[2026-03-04 12:52:21] [WARNING] [DUPLICATE SKIPPED] 'LIQUID NITROGEN  250 LTR  (CON)' (owned by SHREYAA ENTERPRISES, attempted by SHREYAA ENTERPRISES)
[2026-03-04 12:52:21] [INFO] 
============================================================
[2026-03-04 12:52:21] [INFO] Processing: Surya Air System (COMPANY_2)
[2026-03-04 12:52:21] [INFO] ============================================================
[2026-03-04 12:52:21] [INFO] Fetched 6 stock items from Tally
[2026-03-04 12:52:21] [INFO] [PARSED] 'ARGON 7CUM (CYL)' -> product=ARGON, variant=7 CUM, unit=CUM, type=CYL(CYLINDER), HSN=, GST=0.0%
[2026-03-04 12:52:21] [WARNING] [DUPLICATE SKIPPED] 'ARGON 7CUM (CYL)' (owned by Surya Air System, attempted by Surya Air System)
[2026-03-04 12:52:21] [INFO] [PARSED] 'CO2 1.5 CUM  (CYL)' -> product=CO2, variant=1.5 CUM, unit=CUM, type=CYL(CYLINDER), HSN=, GST=0.0%
[2026-03-04 12:52:21] [WARNING] [DUPLICATE SKIPPED] 'CO2 1.5 CUM  (CYL)' (owned by Surya Air System, attempted by Surya Air System)
[2026-03-04 12:52:21] [INFO] [PARSED] 'CO2 7.5CUM  (CYL)' -> product=CO2, variant=7.5 CUM, unit=CUM, type=CYL(CYLINDER), HSN=, GST=0.0%
[2026-03-04 12:52:21] [WARNING] [DUPLICATE SKIPPED] 'CO2 7.5CUM  (CYL)' (owned by Surya Air System, attempted by Surya Air System)
[2026-03-04 12:52:21] [INFO] [PARSED] 'INDUSTRIAL OXYGEN 4 CUM (CYL)' -> product=INDUSTRIAL OXYGEN, variant=4 CUM, unit=CUM, type=CYL(CYLINDER), HSN=, GST=0.0%
[2026-03-04 12:52:21] [WARNING] [DUPLICATE SKIPPED] 'INDUSTRIAL OXYGEN 4 CUM (CYL)' (owned by SHREYAA ENTERPRISES, attempted by Surya Air System)
[2026-03-04 12:52:21] [INFO] [PARSED] 'INDUSTRIAL OXYGEN 5 CUM (CYL)' -> product=INDUSTRIAL OXYGEN, variant=5 CUM, unit=CUM, type=CYL(CYLINDER), HSN=, GST=0.0%
[2026-03-04 12:52:21] [WARNING] [DUPLICATE SKIPPED] 'INDUSTRIAL OXYGEN 5 CUM (CYL)' (owned by SHREYAA ENTERPRISES, attempted by Surya Air System)
[2026-03-04 12:52:21] [INFO] [PARSED] 'INDUSTRIAL OXYGEN 6 CUM  (CYL)' -> product=INDUSTRIAL OXYGEN, variant=6 CUM, unit=CUM, type=CYL(CYLINDER), HSN=, GST=0.0%
[2026-03-04 12:52:21] [WARNING] [DUPLICATE SKIPPED] 'INDUSTRIAL OXYGEN 6 CUM  (CYL)' (owned by SHREYAA ENTERPRISES, attempted by Surya Air System)
[2026-03-04 12:52:21] [INFO] 
============================================================
[2026-03-04 12:52:21] [INFO] Processing: BHARATH OXYGEN LICENSEE (COMPANY_3)
[2026-03-04 12:52:21] [INFO] ============================================================
[2026-03-04 12:52:21] [INFO] Fetched 12 stock items from Tally
[2026-03-04 12:52:21] [INFO] [PARSED] 'ARGON 7CUM (CYL)' -> product=ARGON, variant=7 CUM, unit=CUM, type=CYL(CYLINDER), HSN=, GST=0.0%
[2026-03-04 12:52:21] [WARNING] [DUPLICATE SKIPPED] 'ARGON 7CUM (CYL)' (owned by Surya Air System, attempted by BHARATH OXYGEN LICENSEE)
[2026-03-04 12:52:21] [INFO] 
============================================================
[2026-03-04 12:52:21] [INFO] PRODUCT FETCH SUMMARY
[2026-03-04 12:52:21] [INFO] ============================================================
[2026-03-04 12:52:21] [INFO] Total Stock Items from Tally: 56
[2026-03-04 12:52:21] [INFO] Matched (with type code):     12
[2026-03-04 12:52:21] [INFO] Skipped (no type code):        44
[2026-03-04 12:52:21] [INFO] New Products Saved:            0
[2026-03-04 12:52:21] [INFO] Duplicates Skipped:            12
[2026-03-04 12:52:21] [INFO] Errors:                        0
[2026-03-04 12:52:21] [INFO] ============================================================
[2026-03-04 12:52:21] [INFO] 
Database Statistics:
[2026-03-04 12:52:21] [INFO] Total Products: 8
[2026-03-04 12:52:21] [INFO] Products by Company: {'SHREYAA ENTERPRISES': 5, 'Surya Air System': 3}
[2026-03-04 12:52:21] [INFO] Synced Products: 8
